1 - Alarm test start initialize
1 - FINER: Logging configuration has been initialized, but not from CDB settings.
1 - GetComponentClient: container services initialize
1 - Get alarm interface
1 - ----------T--:--:--.--- INFO [SchedulingAlarmTestClient] component 'SchedulingAlarmTestClient' requested AdvancedContainerServices
1 - start send alarm
1 - ----------T--:--:--.--- SEVERE [SchedulingAlarmTestClient] Alarm sent: &lt;Scheduling,SchedArchiveConnAlarm,1&gt; ACTIVE
1 - ----------T--:--:--.--- SEVERE [SchedulingAlarmTestClient] Alarm sent: &lt;Scheduling,SchedArrayConnAlarm,1&gt; ACTIVE
1 - ----------T--:--:--.--- SEVERE [SchedulingAlarmTestClient] Alarm sent: &lt;Scheduling,SchedControlConnAlarm,1&gt; ACTIVE
1 - ----------T--:--:--.--- SEVERE [SchedulingAlarmTestClient] Alarm sent: &lt;Scheduling,SchedControlConnAlarm,2&gt; ACTIVE
1 - ----------T--:--:--.--- SEVERE [SchedulingAlarmTestClient] Alarm sent: &lt;Scheduling,SchedControlConnAlarm,3&gt; ACTIVE
1 - alarm had send
1 - alarm had send
1 - ----------T--:--:--.--- SEVERE [SchedulingAlarmTestClient] Alarm sent: &lt;Scheduling,SchedArrayConnAlarm,1&gt; ACTIVE
1 - ----------T--:--:--.--- SEVERE [SchedulingAlarmTestClient] Alarm sent: &lt;Scheduling,SchedInvalidOperationAlarm,1&gt; ACTIVE
1 - ----------T--:--:--.--- SEVERE [SchedulingAlarmTestClient] Alarm sent: &lt;Scheduling,SchedSBAbortedAlarm,1&gt; ACTIVE
1 - alarm had send
1 - alarm had send
1 - alarm had send
1 - alarm had send
1 - alarm had send
1 - alarm had send
1 - end send alarm
