1 - .SCHEDULING: there are 5 optical camera targets
1 - SCHEDULING: No obs targets
1 - SCHEDULING: there are 20 optical camera targets
1 - SCHEDULING: No obs targets
1 - SCHEDULING: there are 5 optical camera targets
1 - SCHEDULING: No obs targets
1 - SCHEDULING: there are 20 optical camera targets
1 - SCHEDULING: No obs targets
1 - INFO: So far so good
1 - SCHEDULING: there are 5 optical camera targets
1 - SCHEDULING: No obs targets
1 - SCHEDULING: there are 20 optical camera targets
1 - SCHEDULING: No obs targets
1 - SCHEDULING: there are 20 optical camera targets
1 - SCHEDULING: No obs targets
1 - INFO: updated project with projec that has another SB
1 - INFO: mapped project of obsproject 2 to PS
1 - INFO: mapped project of obsproject 2 to another PS
1 - 
1 - 
1 - OK (1 test)
1 - 
