1 - ----------T--:--:--.--- INFO [alma.acs.component.client.ComponentClient] component 'alma.acs.component.client.ComponentClient' requested AdvancedContainerServices
1 - ----------T--:--:--.--- INFO [alma.acs.component.client.ComponentClient] SCHED_TEST: received StartSessionEvent Event
1 - ----------T--:--:--.--- INFO [alma.acs.component.client.ComponentClient] SCHED_TEST: received EndSessionEvent Event
1 - ----------T--:--:--.--- INFO [alma.acs.component.client.ComponentClient] SCHED_TEST: Received NothingCanBeScheduledEvent
