1 - FINER: Logging configuration has been initialized, but not from CDB settings.
1 - [jacorb.poa] INFO : oid: 
1 - 00 14 4A 4D 48 21 38 05 01 1F                               ..JMH!8...
1 - object is activated
1 - ----------T--:--:--.--- INFO [Scheduling Publisher Test] component 'Scheduling Publisher Test' requested AdvancedContainerServices
1 - [jacorb.poa] INFO : oid: 
1 - 00 14 4A 4D 48 21 46 01 23 01                               ..JMH!F.#.
1 - object is activated
1 - [jacorb.poa] INFO : oid: 
1 - 01 14 4A 4D 48 21 46 01 23 01                               ..JMH!F.#.
1 - object is activated
1 - [jacorb.poa] INFO : oid: 
1 - 02 14 4A 4D 48 21 46 01 23 01                               ..JMH!F.#.
1 - object is activated
1 - [jacorb.poa] INFO : oid: 
1 - 03 14 4A 4D 48 21 46 01 23 01                               ..JMH!F.#.
1 - object is activated
1 - [jacorb.poa] INFO : oid: 
1 - 04 14 4A 4D 48 21 46 01 23 01                               ..JMH!F.#.
1 - object is activated
1 - [jacorb.poa] INFO : oid: 
1 - 05 14 4A 4D 48 21 46 01 23 01                               ..JMH!F.#.
1 - object is activated
1 - ----------T--:--:--.--- INFO [Scheduling Publisher Test] SCHEDULING: event's class == alma.scheduling.StartSessionEvent
1 - ----------T--:--:--.--- INFO [Scheduling Publisher Test] SCHEDULING: about to publish start session event
1 - ----------T--:--:--.--- INFO [Scheduling Publisher Test] SCHED_TEST: received StartSessionEvent Event
1 - ----------T--:--:--.--- INFO [Scheduling Publisher Test] SCHEDULING: about to publish nothing can be scheduled event
1 - ----------T--:--:--.--- INFO [Scheduling Publisher Test] SCHEDULING: event's class == alma.scheduling.NothingCanBeScheduledEvent
1 - ----------T--:--:--.--- INFO [Scheduling Publisher Test] SCHED_TEST: Received NothingCanBeScheduledEvent
1 - ----------T--:--:--.--- INFO [Scheduling Publisher Test] SCHEDULING: event's class == alma.scheduling.EndSessionEvent
1 - ----------T--:--:--.--- INFO [Scheduling Publisher Test] SCHEDULING: about to publish end session event
1 - ----------T--:--:--.--- INFO [Scheduling Publisher Test] SCHED_TEST: received EndSessionEvent Event
