1 - ----------T--:--:--.--- INFO [alma.acs.component.client.ComponentClient] component 'alma.acs.component.client.ComponentClient' requested AdvancedContainerServices
1 - ----------T--:--:--.--- INFO [alma.acs.component.client.ComponentClient] SCHEDULING: about to publish start session event
1 - ----------T--:--:--.--- INFO [alma.acs.component.client.ComponentClient] SCHEDULING: event's class == alma.scheduling.StartSessionEvent
1 - ----------T--:--:--.--- INFO [alma.acs.component.client.ComponentClient] SCHEDULING: published start session event
1 - ----------T--:--:--.--- INFO [alma.acs.component.client.ComponentClient] SCHED_TEST: received StartSessionEvent Event
1 - ----------T--:--:--.--- INFO [alma.acs.component.client.ComponentClient] SCHEDULING: event's class == alma.scheduling.NothingCanBeScheduledEvent
1 - ----------T--:--:--.--- INFO [alma.acs.component.client.ComponentClient] SCHEDULING: about to publish nothing can be scheduled event
1 - ----------T--:--:--.--- INFO [alma.acs.component.client.ComponentClient] SCHED_TEST: Received NothingCanBeScheduledEvent
1 - ----------T--:--:--.--- INFO [alma.acs.component.client.ComponentClient] SCHEDULING: about to publish end session event
1 - ----------T--:--:--.--- INFO [alma.acs.component.client.ComponentClient] SCHEDULING: event's class == alma.scheduling.EndSessionEvent
1 - ----------T--:--:--.--- INFO [alma.acs.component.client.ComponentClient] SCHEDULING: published nothing can be scheduled event
1 - ----------T--:--:--.--- INFO [alma.acs.component.client.ComponentClient] SCHEDULING: published end session event
1 - ----------T--:--:--.--- INFO [alma.acs.component.client.ComponentClient] SCHED_TEST: received EndSessionEvent Event
