1 - ----------T--:--:--.--- FINE: ready to talk with components!
1 - ----------T--:--:--.--- FINE: SCHEDULING: The ALMAArchive has been constructed.
1 - SCHEDULING: PM created!
1 - ----------T--:--:--.--- INFO: SCHEDULING: getting projects
1 - ----------T--:--:--.--- INFO: SCHEDULING: Polling ARCHIVE
1 - ----------T--:--:--.--- INFO: SCHEDULING: cursor not null!
1 - ----------T--:--:--.--- INFO: SCHEDULING: getting projectstatus'
1 - ----------T--:--:--.--- INFO: SCHEDULING: Number of projects = 1
1 - ----------T--:--:--.--- INFO: SCHEDULING: Number of PS in queue = 1
1 - ----------T--:--:--.--- INFO: SCHEDULING: sched blocks in Project ( uid://X----------------/X-------- ) = 1
1 - SCHEDULING: id's length == 0
1 - SCHEDULING: sbpresent false; adding uid://X----------------/X-------- to queue
1 - ----------T--:--:--.--- INFO: SCHEDULING: Got ControlSystem Component
1 - SCHEDULING: Message queue created
1 - ----------T--:--:--.--- CONFIG: SCHEDULING: MasterScheduler initialized
1 - ----------T--:--:--.--- FINE: component MasterScheduler retrieved successfully.
1 - ----------T--:--:--.--- INFO: SCHEDULING: Got 4 antennas
1 - SCHEDULING: array controller id = 1
1 - ----------T--:--:--.--- INFO: SCHEDULING: Running in DYNAMIC mode
1 - ----------T--:--:--.--- INFO: SCHEDULING: Scheduler [Thread-**] (subarray 1): Configuration object validated.
1 - ----------T--:--:--.--- INFO: SCHEDULING: list length == 1
1 - ----------T--:--:--.--- INFO: SCHEDULING: Scheduler [Thread-**] (subarray 1): Dynamic scheduling algorithm created.
1 - ----------T--:--:--.--- INFO: SCHEDULING: Scheduler [Thread-**] (subarray 1): Started ----------T--:--:--
1 - ----------T--:--:--.--- INFO: SCHEDULING: ** Scheduler [Thread-**] (subarray 1): best list:
1 - ----------T--:--:--.--- INFO: SCHEDULING: in MS. MessageID = uid://X----------------/X--------
1 - ----------T--:--:--.--- INFO: SCHEDULING: in MS. Got message with id=uid://X----------------/X--------
1 - ----------T--:--:--.--- INFO: SCHEDULING: in MS. messageQueue size = 1
1 - ----------T--:--:--.--- INFO: SCHEDULING: in MS. message = uid://X----------------/X-------- gotten and reply = uid://X----------------/X-------- sent.
1 - ----------T--:--:--.--- INFO: SCHEDULING: in MS. Reply (sb id) = uid://X----------------/X--------
1 - ----------T--:--:--.--- INFO: SCHEDULING: About to schedule sb = uid://X----------------/X--------
1 - ----------T--:--:--.--- INFO: SCHEDULING: timer joined!
1 - ----------T--:--:--.--- INFO: SCHEDULING: looking for subarray with id = 1
1 - ----------T--:--:--.--- INFO: SCHEDULING: Sending BestSBs to Control!
1 - ----------T--:--:--.--- INFO: SCHEDULING: Subarray being used has id = 1
1 - ----------T--:--:--.--- INFO: SCHEDULING: found subarray with id = 1
1 - ----------T--:--:--.--- INFO: SCHEDULING: Event reason = started
1 - ----------T--:--:--.--- INFO: SCHEDULING: Start of a Session!
1 - ----------T--:--:--.--- INFO: SCHEDULING:(session info) Project id = uid://X----------------/X--------.
1 - ----------T--:--:--.--- INFO: SCHEDULING:(session info) Session (uid://X----------------/X--------) has started.
1 - ----------T--:--:--.--- INFO: SCHEDULING:(session info) SB id = uid://X----------------/X--------.
1 - ----------T--:--:--.--- INFO: SCHEDULING: Event reason = end
1 - SCHEDULING: time is : ----------T--:--:--
1 - ----------T--:--:--.--- INFO: SCHEDULING: End of a Session!
1 - ----------T--:--:--.--- INFO: SCHEDULING: list length == 0
1 - ----------T--:--:--.--- INFO: SCHEDULING: Scheduler [Thread-**] (subarray 1): executing uid://X----------------/X--------
1 - ----------T--:--:--.--- INFO: SCHEDULING:(session info) Project id = uid://X----------------/X--------.
1 - ----------T--:--:--.--- INFO: SCHEDULING:(session info) SB id = uid://X----------------/X--------.
1 - ----------T--:--:--.--- INFO: SCHEDULING:(session info) Session has ended.
1 - ----------T--:--:--.--- INFO: SCHEDULING: sb status = complete
1 - ----------T--:--:--.--- INFO: SCHEDULING: setting SB to complete.
1 - ----------T--:--:--.--- INFO: SCHEDULING: about to update PS::uid://X----------------/X--------
1 - ----------T--:--:--.--- INFO: SCHEDULING: project id = uid://X----------------/X--------
1 - ----------T--:--:--.--- INFO: SCHEDULING: SB id = uid://X----------------/X--------
1 - ----------T--:--:--.--- INFO: SCHEDULING: Updating the projectStatus
1 - ----------T--:--:--.--- INFO: SCHEDULING: PPR created with id = uid://X----------------/X--------
1 - ----------T--:--:--.--- INFO: SCHEDULING: result returned from Pipeline = uid://X----------------/X--------
1 - ----------T--:--:--.--- INFO: SCHEDULING: Nothing Can Be Scheduled Event sent out, in R2aPolicy
1 - ----------T--:--:--.--- INFO: SCHEDULING: ** Scheduler [Thread-**] (subarray 1): ----------T--:--:--: There are no visible targets at this time. 
1 - ----------T--:--:--.--- INFO: SCHEDULING: stop
1 - ----------T--:--:--.--- INFO: SCHEDULING: Scheduler has ended at ----------T--:--:--
