----------T--:--:--.--- FINE: ready to talk with components!
----------T--:--:--.--- FINE: component MasterScheduler retrieved successfully.
----------T--:--:--.--- FINE: SCHEDULING: The ALMAArchive has been constructed.
SCHEDULING: PM created!
----------T--:--:--.--- INFO: SCHEDULING: Polling ARCHIVE
----------T--:--:--.--- INFO: SCHEDULING: getting projects
----------T--:--:--.--- INFO: SCHEDULING: cursor not null!
----------T--:--:--.--- INFO: SCHEDULING: getting projectstatus'
----------T--:--:--.--- INFO: SCHEDULING: Number of PS in queue = 1
----------T--:--:--.--- INFO: SCHEDULING: Number of projects = 1
----------T--:--:--.--- INFO: SCHEDULING: sched blocks in Project ( uid://X----------------/X-------- ) = 1
SCHEDULING: id's length == 0
SCHEDULING: sbpresent false; adding uid://X----------------/X-------- to queue
----------T--:--:--.--- INFO: SCHEDULING: Got ControlSystem Component
SCHEDULING: Message queue created
----------T--:--:--.--- CONFIG: SCHEDULING: MasterScheduler initialized
----------T--:--:--.--- INFO: SCHEDULING: Got 4 antennas
SCHEDULING: array controller id = 1
----------T--:--:--.--- INFO: SCHEDULING: Running in DYNAMIC mode
----------T--:--:--.--- INFO: SCHEDULING: Scheduler [Thread-**] (subarray 1): Configuration object validated.
----------T--:--:--.--- INFO: SCHEDULING: Scheduler [Thread-**] (subarray 1): Dynamic scheduling algorithm created.
----------T--:--:--.--- INFO: SCHEDULING: Scheduler [Thread-**] (subarray 1): Started ----------T--:--:--
----------T--:--:--.--- INFO: SCHEDULING: list length == 1
----------T--:--:--.--- INFO: SCHEDULING: ** Scheduler [Thread-**] (subarray 1): best list:
----------T--:--:--.--- INFO: SCHEDULING: in MS. MessageID = uid://X----------------/X--------
----------T--:--:--.--- INFO: SCHEDULING: in MS. Reply (sb id) = uid://X----------------/X--------
----------T--:--:--.--- INFO: SCHEDULING: in MS. messageQueue size = 1
----------T--:--:--.--- INFO: SCHEDULING: in MS. Got message with id=uid://X----------------/X--------
----------T--:--:--.--- INFO: SCHEDULING: in MS. message = uid://X----------------/X-------- gotten and reply = uid://X----------------/X-------- sent.
----------T--:--:--.--- INFO: SCHEDULING: timer joined!
----------T--:--:--.--- INFO: SCHEDULING: About to schedule sb = uid://X----------------/X--------
----------T--:--:--.--- INFO: SCHEDULING: Sending BestSBs to Control!
----------T--:--:--.--- INFO: SCHEDULING: Subarray being used has id = 1
----------T--:--:--.--- INFO: SCHEDULING: looking for subarray with id = 1
----------T--:--:--.--- INFO: SCHEDULING: found subarray with id = 1
----------T--:--:--.--- INFO: SCHEDULING: Event reason = started
----------T--:--:--.--- INFO: SCHEDULING: Start of a Session!
----------T--:--:--.--- INFO: SCHEDULING:(session info) Session (uid://X----------------/X--------) has started.
----------T--:--:--.--- INFO: SCHEDULING:(session info) Project id = uid://X----------------/X--------.
----------T--:--:--.--- INFO: SCHEDULING:(session info) SB id = uid://X----------------/X--------.
----------T--:--:--.--- INFO: SCHEDULING: Event reason = end
SCHEDULING: time is : ----------T--:--:--
----------T--:--:--.--- INFO: SCHEDULING: End of a Session!
----------T--:--:--.--- INFO: SCHEDULING:(session info) Session has ended.
----------T--:--:--.--- INFO: SCHEDULING:(session info) Project id = uid://X----------------/X--------.
----------T--:--:--.--- INFO: SCHEDULING:(session info) SB id = uid://X----------------/X--------.
----------T--:--:--.--- INFO: SCHEDULING: setting SB to complete.
----------T--:--:--.--- INFO: SCHEDULING: sb status = complete
----------T--:--:--.--- INFO: SCHEDULING: Updating the projectStatus
----------T--:--:--.--- INFO: SCHEDULING: SB id = uid://X----------------/X--------
----------T--:--:--.--- INFO: SCHEDULING: project id = uid://X----------------/X--------
----------T--:--:--.--- INFO: SCHEDULING: about to update PS::uid://X----------------/X--------
----------T--:--:--.--- INFO: SCHEDULING: PPR created with id = uid://X----------------/X--------
----------T--:--:--.--- INFO: SCHEDULING: result returned from Pipeline = uid://X----------------/X--------
----------T--:--:--.--- INFO: SCHEDULING: Scheduler [Thread-**] (subarray 1): executing uid://X----------------/X--------
----------T--:--:--.--- INFO: SCHEDULING: list length == 0
----------T--:--:--.--- INFO: SCHEDULING: Nothing Can Be Scheduled Event sent out, in R2aPolicy
----------T--:--:--.--- INFO: SCHEDULING: ** Scheduler [Thread-**] (subarray 1): ----------T--:--:--: There are no visible targets at this time. 
----------T--:--:--.--- INFO: SCHEDULING: stop
----------T--:--:--.--- INFO: SCHEDULING: Scheduler has ended at ----------T--:--:--
