ERROR at 4
Wrong Format: xxxx-xx-xxTxx:xx:xx
ERROR at 4
Wrong Format: xxxx-xx-xxTxx:xx:xx
ERROR at 7
Wrong Format: xxxx-xx-xxTxx:xx:xx
ERROR at 10
Wrong Format: xxxx-xx-xxTxx:xx:xx
ERROR at 13
Wrong Format: xxxx-xx-xxTxx:xx:xx
ERROR at 16
Wrong Format: xxxx-xx-xxTxx:xx:xx
ERROR: wrong size 
xxxx-xx-xxTxx:xx:xx
ERROR: wrong size 
xxxx-xx-xxTxx:xx:xx
