1 - SCHED_TEST: ProjectQueue test.
1 - SCHED_TEST: addProject(SProject)
1 - SCHED_TEST: addProject(SProject)
1 - SCHED_TEST: getProject(int)
1 - SCHED_TEST: getProject() 
1 - SCHED_TEST: queueToVector() 
1 - SCHED_TEST: isProjectComplete(SProject)
1 - SCHED_TEST: getCompletedProjects() 
1 - SCHED_TEST: getQueueSize()
