 Running test
ACS Name Service: corbaloc::solar-vml:4000/NameService
Archive Created
Stored in archive
Stored in archive
Stored in archive
Stored in archive
Stored in archive
Getting SchedBlocks out of the archive.
number of sbs 26
alma.entity.xmlbinding.schedblock.SchedBlock@9980d5
alma.entity.xmlbinding.schedblock.SchedBlock@1d95492
alma.entity.xmlbinding.schedblock.SchedBlock@13f7281
alma.entity.xmlbinding.schedblock.SchedBlock@76ab2f
alma.entity.xmlbinding.schedblock.SchedBlock@e0cc23
alma.entity.xmlbinding.schedblock.SchedBlock@7a1576
alma.entity.xmlbinding.schedblock.SchedBlock@1171b26
alma.entity.xmlbinding.schedblock.SchedBlock@1f78040
alma.entity.xmlbinding.schedblock.SchedBlock@50988
alma.entity.xmlbinding.schedblock.SchedBlock@b4e29b
alma.entity.xmlbinding.schedblock.SchedBlock@18941f7
alma.entity.xmlbinding.schedblock.SchedBlock@49d67c
alma.entity.xmlbinding.schedblock.SchedBlock@1a06e38
alma.entity.xmlbinding.schedblock.SchedBlock@1a42792
alma.entity.xmlbinding.schedblock.SchedBlock@2200d5
alma.entity.xmlbinding.schedblock.SchedBlock@64ab4d
alma.entity.xmlbinding.schedblock.SchedBlock@12a55aa
alma.entity.xmlbinding.schedblock.SchedBlock@5e13ad
alma.entity.xmlbinding.schedblock.SchedBlock@5dd582
alma.entity.xmlbinding.schedblock.SchedBlock@6c585a
alma.entity.xmlbinding.schedblock.SchedBlock@11ca803
alma.entity.xmlbinding.schedblock.SchedBlock@5a67c9
alma.entity.xmlbinding.schedblock.SchedBlock@153c375
alma.entity.xmlbinding.schedblock.SchedBlock@453807
alma.entity.xmlbinding.schedblock.SchedBlock@618d26
alma.entity.xmlbinding.schedblock.SchedBlock@79e304
