1 - priority is highest
1 - priority is higher
1 - priority is high
1 - priority is mediumPlus
1 - priority is medium
1 - priority is mediumMinus
1 - priority is low
1 - priority is lower
1 - priority is lowest
1 - priority is background
1 - is priority low? false
1 - is priority background? true
1 - priority is low
1 - is priority low? true
1 - is priority background? false
1 - priority is medium
1 - priority is mediumPlus
1 - priority is highest
1 - java.lang.UnsupportedOperationException: Cannot change the state of a constant object.
1 - priority is highest
1 - priority is mediumMinus
