SCHED_TEST: function new SBSubQueue()
SCHED_TEST: function addSchedBlock(sb)
SCHEDULING: Adding sbs to queue
SCHED_TEST: function getSchedBlock()
SCHED_TEST: function getIds()
SCHED_TEST: function getSchedBlock(int)
SCHED_TEST: function isInSubQueue(id) with id=sb2
SCHED_TEST: should be false!
SCHED_TEST: false
SCHED_TEST: function isInSubQueue(id) with id=sb1
SCHED_TEST: should be true!
SCHEDULING: Sb ids match!
SCHED_TEST: true
