state is waiting
state is ready
state is running
is state running? true
is state complete? false
state is complete
is state RUNNING? false
is state COMPLETE? true
state is aborted
state is ready
state is waiting
java.lang.UnsupportedOperationException: Cannot change the state of a constant object.
state is waiting
