SCHEDULING: state is new
SCHEDULING: state is initialized
SCHEDULING: state is executing
SCHEDULING: is state EXECUTING? true
SCHEDULING: is state STOPPED? false
SCHEDULING: is state EXECUTING? false
SCHEDULING: is state STOPPED? true
SCHEDULING: state is error
SCHEDULING: state is initialized
SCHEDULING: state is new
SCHEDULING:java.lang.UnsupportedOperationException: Cannot change the state of a constant object.
SCHEDULING: state is new
