 Starting ORB Services
==> Starting CORBA Services
--> Starting Naming Service
--> Starting Notify Service

Starting up the Notification Service...
Loaded Event Manager factory...
Registered with the naming service as: NotifyEventChannelFactory
--> Starting Logging Service

Starting up the ACS Centralized Logger...
Resolving Naming Service...
Resolving Notify Service...
Creating Event Channels...
Creating Supplier Admins...
Creating Suppliers...
Creating Log Factory...
Creating Log...
ACS Centralized Logger is initialized.
ACS Centralized Logger is running...
--> Starting Interface Repository
      using numeric option
acsIrfeed - Loading IDL interfaces in Interface Repository
--> Starting ACS Configuration Database
--> Starting ACS Log service
 Starting Manager
Returning XML record for: MACI/Managers/Manager
 Starting hugoActivator
m_loggingSwitchers != null
Returning XML record for: MACI/COBs
 Running test
Started
<?xml version="1.0" encoding="UTF-8"?>
<ns1:SchedBlock xmlns:ns1="Alma/ObsPrep/SchedBlock">
    <ns1:SchedBlockEntity entityId="UID://X----------------/X--------"
        entityTypeName="SchedBlock" entityIdEncrypted="-- id encryption not yet implemented --"/>
</ns1:SchedBlock>
UID://X----------------/X--------SchedBlock 1.0
SchedBlock created: <?xml version="1.0" encoding="UTF-8"?>
<ns1:SchedBlock xmlns:ns1="Alma/ObsPrep/SchedBlock">
    <ns1:SchedBlockEntity entityId="UID://X----------------/X--------"
        entityTypeName="SchedBlock" entityIdEncrypted="-- id encryption not yet implemented --"/>
</ns1:SchedBlock>

<ns1:SchedBlock xmlns:ns1="Alma/ObsPrep/SchedBlock">
    <ns1:SchedBlockEntity entityId="UID://X----------------/X--------"
        entityTypeName="SchedBlock" entityIdEncrypted="-- id encryption not yet implemented --"/>
</ns1:SchedBlock>

SchedBlock Stored
<?xml version="1.0" encoding="UTF-8"?>
<ns1:SchedBlock xmlns:ns1="Alma/ObsPrep/SchedBlock">
    <ns1:SchedBlockEntity entityId="UID://X----------------/X--------"
        entityTypeName="SchedBlock" entityIdEncrypted="-- id encryption not yet implemented --"/>
</ns1:SchedBlock>
UID://X----------------/X--------
<ns1:SchedBlock xmlns:ns1="Alma/ObsPrep/SchedBlock">
    <ns1:SchedBlockEntity entityId="UID://X----------------/X--------" entityTypeName="SchedBlock" entityIdEncrypted="-- id encryption not yet implemented --" />
</ns1:SchedBlock>
<?xml version="1.0"?>
<ns1:SchedBlock xmlns:ns1="Alma/ObsPrep/SchedBlock">
    <ns1:SchedBlockEntity entityId="UID://X----------------/X--------" entityTypeName="SchedBlock" entityIdEncrypted="-- id encryption not yet implemented --" />
</ns1:SchedBlock> UID://X----------------/X--------
SchedBlock retrieved
<?xml version="1.0" encoding="UTF-8"?>
<ns1:SchedBlock xmlns:ns1="Alma/ObsPrep/SchedBlock">
    <ns1:SchedBlockEntity entityId="UID://X----------------/X--------"
        entityTypeName="SchedBlock" entityIdEncrypted="-- id encryption not yet implemented --"/>
    <ns1:ObsProcedure/>
</ns1:SchedBlock>
UID://X----------------/X--------SchedBlock 1.0
<ns1:SchedBlock xmlns:ns1="Alma/ObsPrep/SchedBlock">
    <ns1:SchedBlockEntity entityId="UID://X----------------/X--------"
        entityTypeName="SchedBlock" entityIdEncrypted="-- id encryption not yet implemented --"/>
    <ns1:ObsProcedure/>
</ns1:SchedBlock>

SchedBlock updated: <?xml version="1.0" encoding="UTF-8"?>
<ns1:SchedBlock xmlns:ns1="Alma/ObsPrep/SchedBlock">
    <ns1:SchedBlockEntity entityId="UID://X----------------/X--------"
        entityTypeName="SchedBlock" entityIdEncrypted="-- id encryption not yet implemented --"/>
    <ns1:ObsProcedure/>
</ns1:SchedBlock>

<ns1:SchedBlock xmlns:ns1="Alma/ObsPrep/SchedBlock">
    <ns1:SchedBlockEntity entityId="UID://X----------------/X--------" entityTypeName="SchedBlock" entityIdEncrypted="-- id encryption not yet implemented --" />
    <ns1:ObsProcedure />
</ns1:SchedBlock>
<?xml version="1.0"?>
<ns1:SchedBlock xmlns:ns1="Alma/ObsPrep/SchedBlock">
    <ns1:SchedBlockEntity entityId="UID://X----------------/X--------" entityTypeName="SchedBlock" entityIdEncrypted="-- id encryption not yet implemented --" />
    <ns1:ObsProcedure />
</ns1:SchedBlock> UID://X----------------/X--------
SchedBlock retrieved
<ns1:SchedBlock xmlns:ns1="Alma/ObsPrep/SchedBlock">
    <ns1:SchedBlockEntity entityId="UID://X----------------/X--------" entityTypeName="SchedBlock" entityIdEncrypted="-- id encryption not yet implemented --" />
    <ns1:ObsProcedure />
</ns1:SchedBlock>
SchedBlock removed
