Starting Activate...
FINE: about to initialize component SCIENCE_PIPELINE
INFO: SCIENCE_PIPELINE: initialize() method called
INFO: SCIENCE_PIPELINE: execute() method called
Attempting to create the sciencepipeline channel.
FINE: about to initialize component ArrayController1
INFO: initialize() called...
Attempting to create the CONTROLSYSTEM channel.
INFO: execute() called...
Input was: 27.3 -46.0 15.0 385.0 100.0 0.01 2.0
Input was: 25.0 4.0 15.0 385.0 100.0 0.01 2.0
FINE: switching to central logger...
FINE: ready to talk with components!
TargetSpace.getOrCalculateObservationTime()
	Calculating...
		RegionOfInterest.getOrCalculateObservationTime()
				SpectralSetupElement.getExposureTime()
					Frequency  Setup = Frequency("FreqSetup # 1", 385.0 GHz, 100.0 MHz)
					Correlator Setup =  Correlator("CorrSetup # 1", 2.0 GHz, 9.999999776482582E-6 Jy)
					Calculation = 2.0 / (100.0 * 9.999999776482582E-6)
					Result = 2000.0000447034845
			Beam Radius   = 0.2
			Num Exposures = 9004
				SpectralSetupElement.getExposureTime()
					Frequency  Setup = Frequency("FreqSetup # 1", 385.0 GHz, 100.0 MHz)
					Correlator Setup =  Correlator("CorrSetup # 1", 2.0 GHz, 9.999999776482582E-6 Jy)
					Calculation = 2.0 / (100.0 * 9.999999776482582E-6)
					Result = 2000.0000447034845
			Exposure Time = 2000.0000447034845
		time = 1.8008000402510174E7
	time = 1.8008000402510174E7
		RegionOfInterest.getOrCalculateObservationTime()
				SpectralSetupElement.getExposureTime()
					Frequency  Setup = Frequency("FreqSetup # 2", 385.0 GHz, 100.0 MHz)
					Correlator Setup =  Correlator("CorrSetup # 2", 2.0 GHz, 9.999999776482582E-6 Jy)
					Calculation = 2.0 / (100.0 * 9.999999776482582E-6)
					Result = 2000.0000447034845
			Beam Radius   = 0.2
			Num Exposures = 9004
				SpectralSetupElement.getExposureTime()
					Frequency  Setup = Frequency("FreqSetup # 2", 385.0 GHz, 100.0 MHz)
					Correlator Setup =  Correlator("CorrSetup # 2", 2.0 GHz, 9.999999776482582E-6 Jy)
					Calculation = 2.0 / (100.0 * 9.999999776482582E-6)
					Result = 2000.0000447034845
			Exposure Time = 2000.0000447034845
		time = 1.8008000402510174E7
	time = 3.601600080502035E7
INFO: NOMINAL_LENGTH = 30.0
INFO: obsTime        = 3.601600080502035E7 s min = targetSpace.getOrCalculateObservationTime().inDefaultUnits()
INFO: observingTime  = 600266.7 = (float) (obsTime.getContent()/60.0)
INFO: numSBs         = 20009 = Math.round(observingTime / NOMINAL_LENGTH)
INFO: fracSB         = 27 = Math.round(observingTime % NOMINAL_LENGTH)
Input was: 127.3 -62.0 15.0 870.0 100.0 0.01 2.0
Input was: 15.0 45.0 15.0 385.0 660.0 0.01 2.0
TargetSpace.getOrCalculateObservationTime()
	Calculating...
		RegionOfInterest.getOrCalculateObservationTime()
				SpectralSetupElement.getExposureTime()
					Frequency  Setup = Frequency("FreqSetup # 1", 870.0 GHz, 100.0 MHz)
					Correlator Setup =  Correlator("CorrSetup # 1", 2.0 GHz, 9.999999776482582E-6 Jy)
					Calculation = 2.0 / (100.0 * 9.999999776482582E-6)
					Result = 2000.0000447034845
			Beam Radius   = 0.2
			Num Exposures = 9004
				SpectralSetupElement.getExposureTime()
					Frequency  Setup = Frequency("FreqSetup # 1", 870.0 GHz, 100.0 MHz)
					Correlator Setup =  Correlator("CorrSetup # 1", 2.0 GHz, 9.999999776482582E-6 Jy)
					Calculation = 2.0 / (100.0 * 9.999999776482582E-6)
					Result = 2000.0000447034845
			Exposure Time = 2000.0000447034845
		time = 1.8008000402510174E7
	time = 1.8008000402510174E7
		RegionOfInterest.getOrCalculateObservationTime()
				SpectralSetupElement.getExposureTime()
					Frequency  Setup = Frequency("FreqSetup # 2", 385.0 GHz, 660.0 MHz)
					Correlator Setup =  Correlator("CorrSetup # 2", 2.0 GHz, 9.999999776482582E-6 Jy)
					Calculation = 2.0 / (660.0 * 9.999999776482582E-6)
					Result = 303.0303098035583
			Beam Radius   = 0.2
			Num Exposures = 9004
				SpectralSetupElement.getExposureTime()
					Frequency  Setup = Frequency("FreqSetup # 2", 385.0 GHz, 660.0 MHz)
					Correlator Setup =  Correlator("CorrSetup # 2", 2.0 GHz, 9.999999776482582E-6 Jy)
					Calculation = 2.0 / (660.0 * 9.999999776482582E-6)
					Result = 303.0303098035583
			Exposure Time = 303.0303098035583
		time = 2728484.909471239
	time = 2.0736485311981414E7
INFO: NOMINAL_LENGTH = 30.0
INFO: obsTime        = 2.0736485311981414E7 s min = targetSpace.getOrCalculateObservationTime().inDefaultUnits()
INFO: observingTime  = 345608.1 = (float) (obsTime.getContent()/60.0)
INFO: numSBs         = 11520 = Math.round(observingTime / NOMINAL_LENGTH)
INFO: fracSB         = 8 = Math.round(observingTime % NOMINAL_LENGTH)
getSBEntities(ObsProject)
	getSBEntities(ObsUnitSet)
		Adding SB uid://X----------------/X--------
		Adding SB uid://X----------------/X--------
	getSBEntities(ObsUnitSet)
		Adding SB uid://X----------------/X--------
		Adding SB uid://X----------------/X--------
FINE: about to initialize component OBS_PROJ_REP
FINE: about to initialize component ADMINISTRATIVE_ARCHIVE
FINE: component ADMINISTRATIVE_ARCHIVE retrieved successfully.
FINE: component OBS_PROJ_REP retrieved successfully.
FINER: creating xml binding class aware wrapper around component implementing alma.ProjectRepositoryIF.LightweightProjectRepositoryOperations...
FINER: will try to translate from 'alma.ProjectRepositoryIF.ObsProjectTreeJ' to 'alma.ProjectRepositoryIF.ObsProjectTree'.
FINEST: Updating: uid://X----------------/X--------
FINEST: Updating: uid://X----------------/X--------
FINEST: Updating: uid://X----------------/X--------
FINEST: Updating: uid://X----------------/X--------
FINEST: Updating: uid://X----------------/X--------
FINEST: Updating: uid://X----------------/X--------
FINER: will try to translate from 'alma.ProjectRepositoryIF.ObsProjectTree' to 'alma.ProjectRepositoryIF.ObsProjectTreeJ'.
FINE: will disconnect ACS stuff...
FINE: about to release component OBS_PROJ_REP
FINER: deactivating component 'OBS_PROJ_REP' with handle xxxxxxxxx
FINER: about to deactivate component OBS_PROJ_REP
FINE: about to release component ADMINISTRATIVE_ARCHIVE
FINER: deactivating component 'ADMINISTRATIVE_ARCHIVE' with handle xxxxxxxxx
FINER: about to deactivate component ADMINISTRATIVE_ARCHIVE
FINER: done deactivating component ADMINISTRATIVE_ARCHIVE
FINER: released 'ADMINISTRATIVE_ARCHIVE' with the manager. Remaining clients: 0
INFO: client 'OBS_PROJ_REP' has successfully released  a component with curl=ADMINISTRATIVE_ARCHIVE
FINER: done deactivating component OBS_PROJ_REP
FINER: released 'OBS_PROJ_REP' with the manager. Remaining clients: 0
INFO: client 'alma.acs.component.client.ComponentClient' has successfully released  a component with curl=OBS_PROJ_REP
FINE: ready to talk with components!
SCHEDULING: The MasterScheduler has been constructed.
FINE: about to initialize component MASTER_SCHEDULER
SCHEDULING: Message queue created
FINE: SCHEDULING: The ALMAArchive has been constructed.
SCHEDULING: The ALMATelescopeOperator has been constructed.
SCHEDULING: The PIProxy has been constructed.
INFO: SCHEDULING: The Dispatcher has been constructed.
Attempting to create the SCHEDULING_CHANNEL channel.
FINE: Querying: /*
SCHEDULING: The PipelineProxy has been constructed.
SCHEDULING: PipelineEventListener created.
INFO: SCHEDULING: Trying to get NCs
Suppler.subscription_change(...): override to do something useful.
Suppler.subscription_change(...): override to do something useful.
Suppler.subscription_change(...): override to do something useful.
Suppler.subscription_change(...): override to do something useful.
----------T--:--:--.--- Thread name: 'main'
----------T--:--:--.--- Activator 'Activator' activated.
----------T--:--:--.--- Local file logger: Cache saved to '/alma/ACS-2.1/acsdata/tmp/acs_local_log_maciActivate_xxxx'.
----------T--:--:--.--- Request to load 'baci'.
----------T--:--:--.--- Full path '/----/libbaci.so'
----------T--:--:--.--- Loaded '/----/libbaci.so'.
----------T--:--:--.--- Activator 'Activator' initialized successfuly
----------T--:--:--.--- Connected to the InterfaceRepository.
----------T--:--:--.--- Connecting to the Centralized Logger...
----------T--:--:--.--- Connected to the Centralized Logger.
----------T--:--:--.--- Set Naming Context to Logger.
----------T--:--:--.--- Activate running...
----------T--:--:--.--- Request to load 'PublishTelCalEvents'.
TelCal trace : ::PublishTelCalEvents::PublishTelCalEventsHelper::Helper(...): channel=TelCalPublisherEventNC, type=AmpCurveReducedEvent!
----------T--:--:--.--- Creating Notification Channel...
Helper::Helper(...): channel=TelCalPublisherEventNC, type=AmpliCalReducedEvent!
Helper::Helper(...): channel=TelCalPublisherEventNC, type=AntennaPositionsReducedEvent!
Helper::Helper(...): channel=TelCalPublisherEventNC, type=AtmosphereReducedEvent!
Helper::Helper(...): channel=TelCalPublisherEventNC, type=BandPassReducedEvent!
Helper::Helper(...): channel=TelCalPublisherEventNC, type=DelayReducedEvent!
Helper::Helper(...): channel=TelCalPublisherEventNC, type=FocusScanReducedEvent!
Helper::Helper(...): channel=TelCalPublisherEventNC, type=HolographyReducedEvent!
Helper::Helper(...): channel=TelCalPublisherEventNC, type=PathCorrectionReducedEvent!
Helper::Helper(...): channel=TelCalPublisherEventNC, type=PhaseCalReducedEvent!
Helper::Helper(...): channel=TelCalPublisherEventNC, type=PhaseCurveReducedEvent!
Helper::Helper(...): channel=TelCalPublisherEventNC, type=PointingScanReducedEvent!
Helper::Helper(...): channel=TelCalPublisherEventNC, type=PointingModelReducedEvent!
Helper::Helper(...): channel=TelCalPublisherEventNC, type=PrimaryBeamReducedEvent!
Helper::Helper(...): channel=TelCalPublisherEventNC, type=SideBandRatioReducedEvent!
Helper::Helper(...): channel=TelCalPublisherEventNC, type=SkydipReducedEvent!
----------T--:--:--.--- Thread name: 'PUBLISHTELCALEVENTS1::actionThread'
----------T--:--:--.--- Thread name: 'PUBLISHTELCALEVENTS1::monitorThread'
----------T--:--:--.--- COB 'PUBLISHTELCALEVENTS1' activated.
----------T--:--:--.--- Request to load 'GetTelCalResults'.
TelCal trace : GetTelCalResults:Loaded all COBs----------T--:--:--.--- Thread name: 'GETTELCALRESULTS1::actionThread'
----------T--:--:--.--- Thread name: 'GETTELCALRESULTS1::monitorThread'
----------T--:--:--.--- COB 'GETTELCALRESULTS1' activated.
----------T--:--:--.--- Message from manager received. Type: 20. Message: Startup statistics: 2 COBs queued to be activated.
----------T--:--:--.--- Message from manager received. Type: 20. Message: Startup statistics: 2 of 2 COBs activated.
INFO: SCHEDULING: Got NCs
SCHEDULING: The Clock has been constructed.
INFO: SCHEDULING: The MasterScheduler has been initialized.
INFO: SCHEDULING: starting execute
FINE: Querying: /*
INFO: SCHEDULING: Getting SBs from archive
INFO: SCHEDULING: sbs not null storing into queue
SCHEDULING: Message queue set in operator
INFO: SCHEDULING: The MasterScheduler is executing.
FINE: component MASTER_SCHEDULER retrieved successfully.
FINE: SCHED_TEST: MS Component created
SCHEDULING: Scheduler is running in dynamic mode!
FINE: SCHED_TEST: MasterScheduler startScheduling called.
FINE: Scheduling started
INFO: SCHEDULING: in TO. reply =uid://X----------------/X--------
FINE: component MASTER_SCHEDULER retrieved successfully.
INFO: SCHEDULING: in TO. ms response about to be called
INFO: SCHEDULING: in MS. MessageID = uid://X----------------/X--------
INFO: SCHEDULING: in MS. Reply = uid://X----------------/X--------
INFO: SCHEDULING: in MS. messageQueue size = 1
INFO: SCHEDULING: in MS. Got message with id=uid://X----------------/X--------
INFO: SCHEDULING: in MS. message = uid://X----------------/X-------- gotten and reply = uid://X----------------/X-------- sent.
INFO: SCHEDULING: in TO. ms response called
INFO: SCHEDULING: in TO. timer.join()
INFO: SCHEDULING: in scheduler. selectedSB = uid://X----------------/X--------
INFO: SCHEDULING: Message uid://X----------------/X-------- removed from queue.
INFO: SCHEDULING: Sending SB with id = uid://X----------------/X-------- to controller.
FINE: component ArrayController1 retrieved successfully.
INFO: SCHEDULING: Got array controller
INFO: processSchedBlock() called...
FINEST: Getting URI: uid://X----------------/X-------- Version: -1
Got scheduling channel
INFO: client 'alma.acs.component.client.ComponentClient' attempts to retrieve component 'MASTER_SCHEDULER' more than once; will return existing reference.
SCHED_TEST: SchedConsumer created
Suppler.subscription_change(...): override to do something useful.
FINE: component PUBLISHTELCALEVENTS1 retrieved successfully.
INFO: SCHED_TEST: TelCal Component Created!
SCHEDULING: Got PointingScanReduced event
SCHEDULING: Starting to process the PointingScanReduced event
SCHEDULING: Got FocusScanReduced event
SCHEDULING: Starting to process the FocusScanReduced event
INFO: No targets to process in SB
FINEST: Updating: uid://X----------------/X--------
SCHEDULING: Got event from control
SCHEDULING: Starting to process the control event
SCHEDULING: process control event started
FINEST: Getting URI: uid://X----------------/X-------- Version: -1
FINEST: Updating: uid://X----------------/X--------
SCHEDULING: Got event from control
SCHEDULING: Starting to process the control event
SCHEDULING: process control event started
FINEST: Getting URI: uid://X----------------/X-------- Version: -1
FINEST: Updating: uid://X----------------/X--------
FINEST: Updating: uid://X----------------/X--------
INFO: SCHEDULING: request result
FINE: component SCIENCE_PIPELINE retrieved successfully.
INFO: SCIENCE_PIPELINE: processRequest() method initiated
INFO: SCIENCE_PIPELINE: identifier archive accessed
INFO: SCIENCE_PIPELINE: listobject created
uid://X----------------/X-------- uid://X----------------/X-------- queued
uid://X----------------/X-------- uid://X----------------/X-------- queued
FINEST: Updating: uid://X----------------/X--------
INFO: SCHEDULING: request result
INFO: client 'MASTER_SCHEDULER' attempts to retrieve component 'SCIENCE_PIPELINE' more than once; will return existing reference.
INFO: SCIENCE_PIPELINE: processRequest() method initiated
INFO: SCIENCE_PIPELINE: identifier archive accessed
INFO: SCIENCE_PIPELINE: listobject created
uid://X----------------/X-------- uid://X----------------/X-------- queued
uid://X----------------/X-------- uid://X----------------/X-------- queued
uid://X----------------/X-------- uid://X----------------/X-------- running
uid://X----------------/X-------- uid://X----------------/X-------- running
uid://X----------------/X-------- uid://X----------------/X-------- completed
uid://X----------------/X-------- uid://X----------------/X-------- completed
FINEST: Updating: uid://X----------------/X--------
SCHEDULING: PipelineEnd event received!
SCHEDULING: Got event from Pipeline
INFO: SCIENCE_PIPELINE: completion event issued
FINEST: Updating: uid://X----------------/X--------
SCHEDULING: PipelineEnd event received!
SCHEDULING: Got event from Pipeline
INFO: SCIENCE_PIPELINE: completion event issued
FINE: about to release component MASTER_SCHEDULER
FINER: released 'MASTER_SCHEDULER' with the manager. Remaining clients: 1
INFO: client 'alma.acs.component.client.ComponentClient' has successfully released  a component with curl=MASTER_SCHEDULER
FINE: about to release component PUBLISHTELCALEVENTS1
FINER: released 'PUBLISHTELCALEVENTS1' with the manager. Remaining clients: 2
INFO: client 'alma.acs.component.client.ComponentClient' has successfully released  a component with curl=PUBLISHTELCALEVENTS1
ption added for domain: ALMA!
































----------T--:--:--.--- Activate stopped.

