 Running test
The MasterScheduler has been constructed.
The ALMAArchive has been constructed.
The PipelineProxy has been constructed.
The ALMATelescopeOperator has been constructed.
The PIProxy has been constructed.
The Dispatcher has been constructed.
The Clock has been constructed.
get scheduling policy
get antenna info from archive
Message queue created
Exec created
exec set in operator
Message queue set in operator
The MasterScheduler has been initialized.
SBs returned
sbs not null storing into queue
MB Action started
The MasterScheduler is executing.
Scheduler is running in dynamic mode!
Scheduler is running in interactive mode!
MB Action stopped
Scheduler is stopped
Scheduler is stopped
The MasterScheduler has been cleaned up and is now stopped.
