FINE: ready to talk with components!
FINE: SCHEDULING: The ALMAArchive has been constructed.
INFO: SCHED_TEST: function getSchedBlock() 
INFO: SCHED_TEST: function getSchedBlock(String id) 
INFO: SCHED_TEST: sb with id=uid://X----------------/X-------- has version=1
INFO: SCHED_TEST: function updateSchedBlock(ExecBlockEvent event) 
INFO: SCHEDULING: sb id=uid://X----------------/X--------
INFO: SCHEDULING: ** This is where the sb will be linked to its sxecblock **
INFO: SCHED_TEST: sb with id=uid://X----------------/X-------- has version=1
INFO: SCHED_TEST: function updateSchedBlock(SchedBlock sb) 
INFO: SCHED_TEST: sb with id=uid://X----------------/X-------- has version=1
INFO: SCHED_TEST: function getProject() 
INFO: SCHED_TEST: function getProject(String id)
INFO: SCHED_TEST: <?xml version="1.0" encoding="UTF-8"?>
<ns1:ObsProject xmlns:ns1="Alma/ObsPrep/ObsProject">
    <ns1:ObsProjectEntity
        entityIdEncrypted="-- id encryption not yet implemented --"
        entityId="uid://X----------------/X--------" documentVersion="1"
        entityTypeName="ObsProject" schemaVersion="1"/>
    <ns1:ObsProposalRef entityId="uid://X----------------/X--------" entityTypeName="ObsProposal"/>
    <ns1:ProjectName>targets</ns1:ProjectName>
    <ns1:Version>0</ns1:Version>
    <ns1:PI>The OT Development Team</ns1:PI>
    <ns1:ObsProgram code="targets.txt Program">
        <ns1:ObsUnitSet>
            <ns1:SchedBlockRef
                entityId="uid://X----------------/X--------"
                documentVersion="" entityTypeName="SchedBlock"/>
            <ns1:SchedBlockRef
                entityId="uid://X----------------/X--------"
                documentVersion="" entityTypeName="SchedBlock"/>
        </ns1:ObsUnitSet>
        <ns1:ObsUnitSet>
            <ns1:SchedBlockRef
                entityId="uid://X----------------/X--------"
                documentVersion="" entityTypeName="SchedBlock"/>
            <ns1:SchedBlockRef
                entityId="uid://X----------------/X--------"
                documentVersion="" entityTypeName="SchedBlock"/>
        </ns1:ObsUnitSet>
        <ns1:TargetSpace name=" &quot;Now with two target areas&quot;">
            <ns1:RegionOfInterest name="">
                <ns1:Circle name="TS1">
                    <ns1:Centre system="J2000">
                        <ns2:Longitude unit="deg" xmlns:ns2="Alma/ObsPrep/SchedBlock">127.30000305175781</ns2:Longitude>
                        <ns3:Latitude unit="deg" xmlns:ns3="Alma/ObsPrep/SchedBlock">-46.0</ns3:Latitude>
                    </ns1:Centre>
                    <ns1:Radius unit="arcsec">15.0</ns1:Radius>
                </ns1:Circle>
                <ns1:SpectralSetup name="">
                    <ns1:SpectralElement name="">
                        <ns1:FrequencySetup name="FreqSetup # 1">
                            <ns1:CenterFrequency unit="GHz">100.0999984741211</ns1:CenterFrequency>
                            <ns1:FrequencyResolution unit="MHz">100.0</ns1:FrequencyResolution>
                        </ns1:FrequencySetup>
                        <ns1:CorrelatorSetup name="CorrSetup # 1">
                            <ns1:Bandwidth unit="GHz">2.0</ns1:Bandwidth>
                            <ns1:Sensitivity unit="Jy">9.999999776482582E-6</ns1:Sensitivity>
                        </ns1:CorrelatorSetup>
                    </ns1:SpectralElement>
                </ns1:SpectralSetup>
                <ns1:ReductionProcedures imageScript="&lt;default>"/>
            </ns1:RegionOfInterest>
            <ns1:RegionOfInterest name="">
                <ns1:Circle name="TS2">
                    <ns1:Centre system="J2000">
                        <ns4:Longitude unit="deg" xmlns:ns4="Alma/ObsPrep/SchedBlock">125.0</ns4:Longitude>
                        <ns5:Latitude unit="deg" xmlns:ns5="Alma/ObsPrep/SchedBlock">4.0</ns5:Latitude>
                    </ns1:Centre>
                    <ns1:Radius unit="arcsec">15.0</ns1:Radius>
                </ns1:Circle>
                <ns1:SpectralSetup name="">
                    <ns1:SpectralElement name="">
                        <ns1:FrequencySetup name="FreqSetup # 2">
                            <ns1:CenterFrequency unit="GHz">100.19999694824219</ns1:CenterFrequency>
                            <ns1:FrequencyResolution unit="MHz">100.0</ns1:FrequencyResolution>
                        </ns1:FrequencySetup>
                        <ns1:CorrelatorSetup name="CorrSetup # 2">
                            <ns1:Bandwidth unit="GHz">2.0</ns1:Bandwidth>
                            <ns1:Sensitivity unit="Jy">9.999999776482582E-6</ns1:Sensitivity>
                        </ns1:CorrelatorSetup>
                    </ns1:SpectralElement>
                </ns1:SpectralSetup>
                <ns1:ReductionProcedures imageScript="&lt;default>"/>
            </ns1:RegionOfInterest>
            <ns1:ObservationTime unit="s">-1.0</ns1:ObservationTime>
        </ns1:TargetSpace>
        <ns1:TargetSpace name=" &quot;YATS -- Yet Another Target Space&quot;">
            <ns1:RegionOfInterest name="">
                <ns1:Circle name="TS1">
                    <ns1:Centre system="J2000">
                        <ns6:Longitude unit="deg" xmlns:ns6="Alma/ObsPrep/SchedBlock">127.30000305175781</ns6:Longitude>
                        <ns7:Latitude unit="deg" xmlns:ns7="Alma/ObsPrep/SchedBlock">-62.0</ns7:Latitude>
                    </ns1:Centre>
                    <ns1:Radius unit="arcsec">15.0</ns1:Radius>
                </ns1:Circle>
                <ns1:SpectralSetup name="">
                    <ns1:SpectralElement name="">
                        <ns1:FrequencySetup name="FreqSetup # 1">
                            <ns1:CenterFrequency unit="GHz">104.0</ns1:CenterFrequency>
                            <ns1:FrequencyResolution unit="MHz">100.0</ns1:FrequencyResolution>
                        </ns1:FrequencySetup>
                        <ns1:CorrelatorSetup name="CorrSetup # 1">
                            <ns1:Bandwidth unit="GHz">2.0</ns1:Bandwidth>
                            <ns1:Sensitivity unit="Jy">9.999999776482582E-6</ns1:Sensitivity>
                        </ns1:CorrelatorSetup>
                    </ns1:SpectralElement>
                </ns1:SpectralSetup>
                <ns1:ReductionProcedures imageScript="&lt;default>"/>
            </ns1:RegionOfInterest>
            <ns1:RegionOfInterest name="">
                <ns1:Circle name="TS2">
                    <ns1:Centre system="J2000">
                        <ns8:Longitude unit="deg" xmlns:ns8="Alma/ObsPrep/SchedBlock">115.0</ns8:Longitude>
                        <ns9:Latitude unit="deg" xmlns:ns9="Alma/ObsPrep/SchedBlock">45.0</ns9:Latitude>
                    </ns1:Centre>
                    <ns1:Radius unit="arcsec">15.0</ns1:Radius>
                </ns1:Circle>
                <ns1:SpectralSetup name="">
                    <ns1:SpectralElement name="">
                        <ns1:FrequencySetup name="FreqSetup # 2">
                            <ns1:CenterFrequency unit="GHz">99.30000305175781</ns1:CenterFrequency>
                            <ns1:FrequencyResolution unit="MHz">660.0</ns1:FrequencyResolution>
                        </ns1:FrequencySetup>
                        <ns1:CorrelatorSetup name="CorrSetup # 2">
                            <ns1:Bandwidth unit="GHz">2.0</ns1:Bandwidth>
                            <ns1:Sensitivity unit="Jy">9.999999776482582E-6</ns1:Sensitivity>
                        </ns1:CorrelatorSetup>
                    </ns1:SpectralElement>
                </ns1:SpectralSetup>
                <ns1:ReductionProcedures imageScript="&lt;default>"/>
            </ns1:RegionOfInterest>
            <ns1:ObservationTime unit="s">-1.0</ns1:ObservationTime>
        </ns1:TargetSpace>
        <ns1:ProgramImaging imageScript="&lt;default>"/>
    </ns1:ObsProgram>
</ns1:ObsProject>

INFO: SCHED_TEST: project with id=uid://X----------------/X-------- has version=1
INFO: SCHED_TEST: function updateProject(ObsProject p)
INFO: SCHED_TEST: project with id=uid://X----------------/X-------- has version=1
INFO: SCHED_TEST: function getSchedulingPolicy()
INFO: SCHED_TEST: function addPipelineProcessingRequest(PipelineProcessingRequest)
INFO: SCHED_TEST: function getPipelineProcessingRequest()
INFO: SCHED_TEST: function getPipelineProcessingRequest(String id)
INFO: SCHED_TEST: <?xml version="1.0" encoding="UTF-8"?>
<ns1:PipelineProcessingRequest xmlns:ns1="Alma/Scheduling/PipelineProcessingRequest">
    <ns1:PipelineProcessingRequestEntity
        entityIdEncrypted="-- id encryption not yet implemented --"
        entityId="uid://X----------------/X--------"
        entityTypeName="PipelineProcessingRequest"
        xsi:type="PipelineProcessingRequestEntityT" xmlns:xsi="http://www.w3.org/2001/XMLSchema-instance"/>
</ns1:PipelineProcessingRequest>

INFO: SCHED_TEST: function updatePipelineProcessingRequest(PipelineProcessingRequest ppr)
INFO: SCHED_TEST: pipelineprocessingrequest with id=uid://X----------------/X-------- has version=null
