SCHEDULING: function PipelineProcessingRequest()
SCHEDULING: function createEntity()
SCHEDULING: function setEntity()
SCHEDULING: function setComment(string)
SCHEDULING: function getComment()
SCHEDULING: comment = This is a test
SCHEDULING: function setImagingProcedureName(string)
SCHEDULING: function getImagingProcedureName()
SCHEDULING: Image procedure name = test
SCHEDULING: function setEncryptedId(string)
SCHEDULING: function setId() with 'ppr1 id'
SCHEDULING: function setId() 'another id'
SCHEDULING: should get error coz we've already set the id
SCHEDULING: error=java.lang.Exception: Can not change the UID!
SCHEDULING: function getId()
SCHEDULING: ppr1's id =ppr1 id
SCHEDULING: function setDocumentVersion(string)
SCHEDULING: function getDocumentVersion()
SCHEDULING: version=1.0
SCHEDULING: function setSchemaVersion(string)
SCHEDULING: function getSchemaVersion()
SCHEDULING: version=1.0
SCHEDULING: function setProjectReference(EntityT)
SCHEDULING: function setProjectReferenceId(string)
SCHEDULING: function setProjectReferenceTypeName(string)
SCHEDULING: function getProjectReferenceTypeName()
SCHEDULING: name=TestProjectName
SCHEDULING: function setProjectReferenceDocumentVersion(string)
SCHEDULING: function getProjectReferenceDocumentVersion()
SCHEDULING: name=1.0
SCHEDULING: function setRequestStatus(string) with 'queued'
SCHEDULING: getRequestStatusString()
SCHEDULING: status=queued
SCHEDULING: function setRequestStatus(string) with 'running'
SCHEDULING: getRequestStatusString()
SCHEDULING: status=running
SCHEDULING: function setRequestStatus(string) with 'completed'
SCHEDULING: getRequestStatusString()
SCHEDULING: status=completed
SCHEDULING: function setCompletionStatus(string) with 'submitted'
SCHEDULING: getCompletionStatusString()
SCHEDULING: status=submitted
SCHEDULING: function setCompletionStatus(string) with 'incomplete'
SCHEDULING: getCompletionStatusString()
SCHEDULING: status=incomplete
SCHEDULING: function setCompletionStatus(string) with 'complete-failed'
SCHEDULING: getCompletionStatusString()
SCHEDULING: status=complete_failed
SCHEDULING: function setCompletionStatus(string) with 'complete-succeeded'
SCHEDULING: getCompletionStatusString()
SCHEDULING: status=complete_succeeded
