 Running test
ACS Name Service: corbaloc::solar-vml:4000/NameService
Started
SchedBlock created: <?xml version="1.0" encoding="UTF-8"?>
<ns1:SchedBlock xmlns:ns1="Alma/ObsPrep/SchedBlock">
    <ns1:SchedBlockEntity
        entityIdEncrypted="-- id encryption not yet implemented --"
        entityId="uid://X----------------/X--------" entityTypeName="SchedBlock"/>
</ns1:SchedBlock>

SchedBlock Stored
<?xml version="1.0" encoding="UTF-8"?>
<ns1:SchedBlock xmlns:ns1="Alma/ObsPrep/SchedBlock">
    <ns1:SchedBlockEntity
        entityIdEncrypted="-- id encryption not yet implemented --"
        entityId="uid://X----------------/X--------" entityTypeName="SchedBlock"/>
</ns1:SchedBlock>
uid://X----------------/X--------
<?xml version="1.0"?>
<ns1:SchedBlock xmlns:ns1="Alma/ObsPrep/SchedBlock">
    <ns1:SchedBlockEntity entityIdEncrypted="-- id encryption not yet implemented --" entityId="uid://X----------------/X--------" entityTypeName="SchedBlock" />
</ns1:SchedBlock> uid://X----------------/X--------
SchedBlock retrieved
SchedBlock updated: <?xml version="1.0" encoding="UTF-8"?>
<ns1:SchedBlock xmlns:ns1="Alma/ObsPrep/SchedBlock">
    <ns1:SchedBlockEntity
        entityIdEncrypted="-- id encryption not yet implemented --"
        entityId="uid://X----------------/X--------" entityTypeName="SchedBlock"/>
    <ns1:ObsProcedure/>
</ns1:SchedBlock>

<?xml version="1.0"?>
<ns1:SchedBlock xmlns:ns1="Alma/ObsPrep/SchedBlock">
    <ns1:SchedBlockEntity entityIdEncrypted="-- id encryption not yet implemented --" entityId="uid://X----------------/X--------" entityTypeName="SchedBlock" />
    <ns1:ObsProcedure />
</ns1:SchedBlock> uid://X----------------/X--------
SchedBlock retrieved
SchedBlock removed
