FINE: ready to talk with components!
FINE: SCHEDULING: The ALMAArchive has been constructed.
INFO: SCHED_TEST: function getSchedBlock() 
INFO: SCHED_TEST: function getSchedBlock(String id) 
INFO: SCHED_TEST: sb with id=uid://X----------------/X-------- has version=1
INFO: SCHED_TEST: function updateSchedBlock(ExecBlockEvent e) 
INFO: SCHEDULING: sb id=uid://X----------------/X--------
INFO: SCHEDULING: ** This is where the sb will be linked to its sxecblock **
INFO: SCHED_TEST: sb with id=uid://X----------------/X-------- has version=1
INFO: SCHED_TEST: function updateSchedBlock(SchedBlock sb) 
INFO: SCHED_TEST: sb with id=uid://X----------------/X-------- has version=1
INFO: SCHED_TEST: function getProject() 
INFO: SCHED_TEST: function getProject(String id)
INFO: SCHED_TEST: project with id=uid://X----------------/X-------- has version=1
INFO: SCHED_TEST: function updateProject(ObsProject p)
INFO: SCHED_TEST: project with id=uid://X----------------/X-------- has version=1
INFO: SCHED_TEST: function getSchedulingPolicy()
INFO: SCHED_TEST: function addPipelineProcessingRequest(PipelineProcessingRequest)
INFO: SCHED_TEST: function getPipelineProcessingRequest()
INFO: SCHED_TEST: function getPipelineProcessingRequest(String id)
INFO: SCHED_TEST: function updatePipelineProcessingRequest(PipelineProcessingRequest ppr)
INFO: SCHED_TEST: pipelineprocessingrequest with id=uid://X----------------/X-------- has version=null
